apiVersion: monitoring.coreos.com/v1
kind: PrometheusRule
metadata:
  annotations: {}
  labels:
    name: openshift-upgrade-controller
  name: openshift-upgrade-controller
  namespace: appuio-openshift-upgrade-controller
spec:
  groups:
    - name: drain.alerts
      rules:
        - alert: MaintenanceInProgress
          annotations:
            description: Cluster is currently upgrading
            message: An OpenShift upgrade is in progress on this cluster
            summary: Cluster is currently upgrading
          expr: |
            max(max_over_time(openshift_upgrade_controller_cluster_upgrading [5m])) > 0
          for: 0m
          labels:
            Maintenance: 'true'
            severity: info
            syn: 'true'
            syn_component: openshift-upgrade-controller
        - alert: NodeDrainStuck
          annotations:
            description: Node {{$labels.node}} is draining for more than 10 minutes.
            message: Node {{$labels.node}} is draining for more than 10 minutes.
            runbook_url: https://hub.syn.tools/openshift-upgrade-controller/runbooks/NodeDrainStuck.html
            summary: Node is draining for more than 10 minutes.
          expr: |
            openshift_upgrade_controller_node_draining == 1
          for: 10m
          labels:
            Maintenance: 'true'
            severity: warning
            syn: 'true'
            syn_component: openshift-upgrade-controller
