apiVersion: managedupgrade.appuio.io/v1beta1
kind: UpgradeSuspensionWindow
metadata:
  annotations: {}
  labels:
    name: end-of-year-holidays-2023
  name: end-of-year-holidays-2023
  namespace: appuio-openshift-upgrade-controller
spec:
  configSelector: {}
  end: '2024-01-08T00:00:00Z'
  jobSelector:
    matchLabels:
      upgradeconfig/name: appuio-monday-afternoon
  reason: End of year holidays
  start: '2023-12-25T00:00:00Z'
