apiVersion: managedupgrade.appuio.io/v1beta1
kind: NodeForceDrain
metadata:
  annotations: {}
  labels:
    name: node-role-app
  name: node-role-app
  namespace: appuio-openshift-upgrade-controller
spec:
  nodeDrainGracePeriod: 1m
  nodeSelector:
    matchLabels:
      node-role.kubernetes.io/app: ''
  podForceDeleteGracePeriod: 2m
