apiVersion: rbac.authorization.k8s.io/v1
kind: ClusterRole
metadata:
  annotations: {}
  labels:
    name: syn-openshift-upgrade-controller-view
    rbac.authorization.k8s.io/aggregate-to-admin: 'true'
    rbac.authorization.k8s.io/aggregate-to-edit: 'true'
    rbac.authorization.k8s.io/aggregate-to-view: 'true'
  name: syn:openshift-upgrade-controller:view
rules:
  - apiGroups:
      - managedupgrade.appuio.io
    resources:
      - clusterversions
      - upgradeconfigs
      - upgradejobs
      - upgradejobhooks
    verbs:
      - get
      - list
      - watch
---
apiVersion: rbac.authorization.k8s.io/v1
kind: ClusterRole
metadata:
  annotations: {}
  labels:
    name: syn-openshift-upgrade-controller-edit
    rbac.authorization.k8s.io/aggregate-to-admin: 'true'
    rbac.authorization.k8s.io/aggregate-to-edit: 'true'
  name: syn:openshift-upgrade-controller:edit
rules:
  - apiGroups:
      - managedupgrade.appuio.io
    resources:
      - clusterversions
      - upgradeconfigs
      - upgradejobs
      - upgradejobhooks
    verbs:
      - create
      - delete
      - deletecollection
      - patch
      - update
