apiVersion: cert-manager.io/v1
kind: Certificate
metadata:
  labels:
    app.kubernetes.io/managed-by: commodore
    app.kubernetes.io/name: openshift-upgrade-controller
  name: openshift-upgrade-controller-metrics-certs
  namespace: appuio-openshift-upgrade-controller
spec:
  dnsNames:
  - openshift-upgrade-controller-controller-manager-metrics-service.appuio-openshift-upgrade-controller.svc
  - openshift-upgrade-controller-controller-manager-metrics-service.appuio-openshift-upgrade-controller.svc.cluster.local
  issuerRef:
    kind: Issuer
    name: openshift-upgrade-controller-selfsigned-issuer
  secretName: metrics-server-cert
