apiVersion: cert-manager.io/v1
kind: Issuer
metadata:
  labels:
    app.kubernetes.io/managed-by: commodore
    app.kubernetes.io/name: openshift-upgrade-controller
  name: openshift-upgrade-controller-selfsigned-issuer
  namespace: appuio-openshift-upgrade-controller
spec:
  selfSigned: {}
