apiVersion: rbac.authorization.k8s.io/v1
kind: ClusterRoleBinding
metadata:
  labels:
    app.kubernetes.io/component: rbac
    app.kubernetes.io/created-by: openshift-upgrade-controller
    app.kubernetes.io/instance: manager-rolebinding
    app.kubernetes.io/managed-by: commodore
    app.kubernetes.io/name: clusterrolebinding
    app.kubernetes.io/part-of: openshift-upgrade-controller
  name: openshift-upgrade-controller-manager-rolebinding
roleRef:
  apiGroup: rbac.authorization.k8s.io
  kind: ClusterRole
  name: openshift-upgrade-controller-manager-role
subjects:
- kind: ServiceAccount
  name: openshift-upgrade-controller-controller-manager
  namespace: appuio-openshift-upgrade-controller
