apiVersion: rbac.authorization.k8s.io/v1
kind: RoleBinding
metadata:
  labels:
    app.kubernetes.io/component: rbac
    app.kubernetes.io/created-by: openshift-upgrade-controller
    app.kubernetes.io/instance: leader-election-rolebinding
    app.kubernetes.io/managed-by: commodore
    app.kubernetes.io/name: rolebinding
    app.kubernetes.io/part-of: openshift-upgrade-controller
  name: openshift-upgrade-controller-leader-election-rolebinding
  namespace: appuio-openshift-upgrade-controller
roleRef:
  apiGroup: rbac.authorization.k8s.io
  kind: Role
  name: openshift-upgrade-controller-leader-election-role
subjects:
- kind: ServiceAccount
  name: openshift-upgrade-controller-controller-manager
  namespace: appuio-openshift-upgrade-controller
