apiVersion: rbac.authorization.k8s.io/v1
kind: ClusterRole
metadata:
  labels:
    app.kubernetes.io/managed-by: commodore
  name: openshift-upgrade-controller-metrics-reader
rules:
- nonResourceURLs:
  - /metrics
  verbs:
  - get
