apiVersion: v1
kind: ServiceAccount
metadata:
  labels:
    app.kubernetes.io/component: rbac
    app.kubernetes.io/created-by: openshift-upgrade-controller
    app.kubernetes.io/instance: controller-manager
    app.kubernetes.io/managed-by: commodore
    app.kubernetes.io/name: serviceaccount
    app.kubernetes.io/part-of: openshift-upgrade-controller
  name: openshift-upgrade-controller-controller-manager
  namespace: appuio-openshift-upgrade-controller
