apiVersion: managedupgrade.appuio.io/v1beta1
kind: ClusterVersion
metadata:
  annotations: {}
  labels:
    app.kubernetes.io/managed-by: commodore
    name: version
  name: version
  namespace: appuio-openshift-upgrade-controller
spec:
  overlays: []
  template:
    spec:
      channel: stable-4.11
      upstream: https://api.openshift.com/api/upgrades_info/v1/graph
